// Jest Snapshot v1, https://goo.gl/fbAQLP

exports[`Home Snap Shoot test 1`] = `
<View
  style={{}}
>
  <Text>
    Show data
  </Text>
  <Text>
    Show data
  </Text>
  <Text>
    Show data
  </Text>
  <TextInput
    style={
      {
        "borderColor": "red",
        "borderWidth": 1,
      }
    }
    testID="5"
  />
</View>
`;
